// Jest Snapshot v1, https://goo.gl/fbAQLP

exports[`MapFile Component renders snapshot correctly 1`] = `
ShallowWrapper {
  Symbol(enzyme.__root__): [Circular],
  Symbol(enzyme.__unrendered__): <USAMap
    customize={Object {}}
    defaultFill="#D3D3D3"
    height={593}
    onClick={[Function]}
    title="Yo Man! Wadd up......"
    width={959}
/>,
  Symbol(enzyme.__renderer__): Object {
    "batchedUpdates": [Function],
    "getNode": [Function],
    "render": [Function],
    "simulateEvent": [Function],
    "unmount": [Function],
  },
  Symbol(enzyme.__node__): Object {
    "instance": null,
    "key": undefined,
    "nodeType": "function",
    "props": Object {
      "children": <svg
        className="us-state-map"
        height={593}
        viewBox="0 0 959 593"
        width={959}
        xmlns="http://www.w3.org/2000/svg"
>
        <title>
                Yo Man! Wadd up......
        </title>
        <g
                className="outlines"
        >
                <g
                        className="DC state"
                >
                        <path
                                className="DC1"
                                d="M801.8,253.8 l-1.1-1.6 -1-0.8 1.1-1.6 2.2,1.5z"
                                fill="#D3D3D3"
                        />
                        <circle
                                className="DC2"
                                cx="801.3"
                                cy="251.8"
                                data-name="DC"
                                fill="#D3D3D3"
                                onClick={undefined}
                                opacity="1"
                                r="5"
                                stroke="#FFFFFF"
                                strokeWidth="1.5"
                        />
                </g>
        </g>
</svg>,
    },
    "ref": null,
    "rendered": Object {
      "instance": null,
      "key": undefined,
      "nodeType": "host",
      "props": Object {
        "children": Array [
          <title>
            Yo Man! Wadd up......
</title>,
          <g
            className="outlines"
>
            <g
                        className="DC state"
            >
                        <path
                                    className="DC1"
                                    d="M801.8,253.8 l-1.1-1.6 -1-0.8 1.1-1.6 2.2,1.5z"
                                    fill="#D3D3D3"
                        />
                        <circle
                                    className="DC2"
                                    cx="801.3"
                                    cy="251.8"
                                    data-name="DC"
                                    fill="#D3D3D3"
                                    onClick={undefined}
                                    opacity="1"
                                    r="5"
                                    stroke="#FFFFFF"
                                    strokeWidth="1.5"
                        />
            </g>
</g>,
        ],
        "className": "us-state-map",
        "height": 593,
        "viewBox": "0 0 959 593",
        "width": 959,
        "xmlns": "http://www.w3.org/2000/svg",
      },
      "ref": null,
      "rendered": Array [
        Object {
          "instance": null,
          "key": undefined,
          "nodeType": "host",
          "props": Object {
            "children": "Yo Man! Wadd up......",
          },
          "ref": null,
          "rendered": "Yo Man! Wadd up......",
          "type": "title",
        },
        Object {
          "instance": null,
          "key": undefined,
          "nodeType": "host",
          "props": Object {
            "children": Array [
              Array [],
              <g
                className="DC state"
>
                <path
                                className="DC1"
                                d="M801.8,253.8 l-1.1-1.6 -1-0.8 1.1-1.6 2.2,1.5z"
                                fill="#D3D3D3"
                />
                <circle
                                className="DC2"
                                cx="801.3"
                                cy="251.8"
                                data-name="DC"
                                fill="#D3D3D3"
                                onClick={undefined}
                                opacity="1"
                                r="5"
                                stroke="#FFFFFF"
                                strokeWidth="1.5"
                />
</g>,
            ],
            "className": "outlines",
          },
          "ref": null,
          "rendered": Array [
            Object {
              "instance": null,
              "key": undefined,
              "nodeType": "host",
              "props": Object {
                "children": Array [
                  <path
                    className="DC1"
                    d="M801.8,253.8 l-1.1-1.6 -1-0.8 1.1-1.6 2.2,1.5z"
                    fill="#D3D3D3"
/>,
                  <circle
                    className="DC2"
                    cx="801.3"
                    cy="251.8"
                    data-name="DC"
                    fill="#D3D3D3"
                    onClick={undefined}
                    opacity="1"
                    r="5"
                    stroke="#FFFFFF"
                    strokeWidth="1.5"
/>,
                ],
                "className": "DC state",
              },
              "ref": null,
              "rendered": Array [
                Object {
                  "instance": null,
                  "key": undefined,
                  "nodeType": "host",
                  "props": Object {
                    "className": "DC1",
                    "d": "M801.8,253.8 l-1.1-1.6 -1-0.8 1.1-1.6 2.2,1.5z",
                    "fill": "#D3D3D3",
                  },
                  "ref": null,
                  "rendered": null,
                  "type": "path",
                },
                Object {
                  "instance": null,
                  "key": undefined,
                  "nodeType": "host",
                  "props": Object {
                    "className": "DC2",
                    "cx": "801.3",
                    "cy": "251.8",
                    "data-name": "DC",
                    "fill": "#D3D3D3",
                    "onClick": undefined,
                    "opacity": "1",
                    "r": "5",
                    "stroke": "#FFFFFF",
                    "strokeWidth": "1.5",
                  },
                  "ref": null,
                  "rendered": null,
                  "type": "circle",
                },
              ],
              "type": "g",
            },
          ],
          "type": "g",
        },
      ],
      "type": "svg",
    },
    "type": Symbol(react.fragment),
  },
  Symbol(enzyme.__nodes__): Array [
    Object {
      "instance": null,
      "key": undefined,
      "nodeType": "function",
      "props": Object {
        "children": <svg
          className="us-state-map"
          height={593}
          viewBox="0 0 959 593"
          width={959}
          xmlns="http://www.w3.org/2000/svg"
>
          <title>
                    Yo Man! Wadd up......
          </title>
          <g
                    className="outlines"
          >
                    <g
                              className="DC state"
                    >
                              <path
                                        className="DC1"
                                        d="M801.8,253.8 l-1.1-1.6 -1-0.8 1.1-1.6 2.2,1.5z"
                                        fill="#D3D3D3"
                              />
                              <circle
                                        className="DC2"
                                        cx="801.3"
                                        cy="251.8"
                                        data-name="DC"
                                        fill="#D3D3D3"
                                        onClick={undefined}
                                        opacity="1"
                                        r="5"
                                        stroke="#FFFFFF"
                                        strokeWidth="1.5"
                              />
                    </g>
          </g>
</svg>,
      },
      "ref": null,
      "rendered": Object {
        "instance": null,
        "key": undefined,
        "nodeType": "host",
        "props": Object {
          "children": Array [
            <title>
              Yo Man! Wadd up......
</title>,
            <g
              className="outlines"
>
              <g
                            className="DC state"
              >
                            <path
                                          className="DC1"
                                          d="M801.8,253.8 l-1.1-1.6 -1-0.8 1.1-1.6 2.2,1.5z"
                                          fill="#D3D3D3"
                            />
                            <circle
                                          className="DC2"
                                          cx="801.3"
                                          cy="251.8"
                                          data-name="DC"
                                          fill="#D3D3D3"
                                          onClick={undefined}
                                          opacity="1"
                                          r="5"
                                          stroke="#FFFFFF"
                                          strokeWidth="1.5"
                            />
              </g>
</g>,
          ],
          "className": "us-state-map",
          "height": 593,
          "viewBox": "0 0 959 593",
          "width": 959,
          "xmlns": "http://www.w3.org/2000/svg",
        },
        "ref": null,
        "rendered": Array [
          Object {
            "instance": null,
            "key": undefined,
            "nodeType": "host",
            "props": Object {
              "children": "Yo Man! Wadd up......",
            },
            "ref": null,
            "rendered": "Yo Man! Wadd up......",
            "type": "title",
          },
          Object {
            "instance": null,
            "key": undefined,
            "nodeType": "host",
            "props": Object {
              "children": Array [
                Array [],
                <g
                  className="DC state"
>
                  <path
                                    className="DC1"
                                    d="M801.8,253.8 l-1.1-1.6 -1-0.8 1.1-1.6 2.2,1.5z"
                                    fill="#D3D3D3"
                  />
                  <circle
                                    className="DC2"
                                    cx="801.3"
                                    cy="251.8"
                                    data-name="DC"
                                    fill="#D3D3D3"
                                    onClick={undefined}
                                    opacity="1"
                                    r="5"
                                    stroke="#FFFFFF"
                                    strokeWidth="1.5"
                  />
</g>,
              ],
              "className": "outlines",
            },
            "ref": null,
            "rendered": Array [
              Object {
                "instance": null,
                "key": undefined,
                "nodeType": "host",
                "props": Object {
                  "children": Array [
                    <path
                      className="DC1"
                      d="M801.8,253.8 l-1.1-1.6 -1-0.8 1.1-1.6 2.2,1.5z"
                      fill="#D3D3D3"
/>,
                    <circle
                      className="DC2"
                      cx="801.3"
                      cy="251.8"
                      data-name="DC"
                      fill="#D3D3D3"
                      onClick={undefined}
                      opacity="1"
                      r="5"
                      stroke="#FFFFFF"
                      strokeWidth="1.5"
/>,
                  ],
                  "className": "DC state",
                },
                "ref": null,
                "rendered": Array [
                  Object {
                    "instance": null,
                    "key": undefined,
                    "nodeType": "host",
                    "props": Object {
                      "className": "DC1",
                      "d": "M801.8,253.8 l-1.1-1.6 -1-0.8 1.1-1.6 2.2,1.5z",
                      "fill": "#D3D3D3",
                    },
                    "ref": null,
                    "rendered": null,
                    "type": "path",
                  },
                  Object {
                    "instance": null,
                    "key": undefined,
                    "nodeType": "host",
                    "props": Object {
                      "className": "DC2",
                      "cx": "801.3",
                      "cy": "251.8",
                      "data-name": "DC",
                      "fill": "#D3D3D3",
                      "onClick": undefined,
                      "opacity": "1",
                      "r": "5",
                      "stroke": "#FFFFFF",
                      "strokeWidth": "1.5",
                    },
                    "ref": null,
                    "rendered": null,
                    "type": "circle",
                  },
                ],
                "type": "g",
              },
            ],
            "type": "g",
          },
        ],
        "type": "svg",
      },
      "type": Symbol(react.fragment),
    },
  ],
  Symbol(enzyme.__options__): Object {
    "adapter": ReactSixteenAdapter {
      "options": Object {
        "enableComponentDidUpdateOnSetState": true,
        "lifecycles": Object {
          "componentDidUpdate": Object {
            "onSetState": true,
          },
          "getDerivedStateFromProps": true,
          "getSnapshotBeforeUpdate": true,
          "setState": Object {
            "skipsComponentDidUpdateOnNullish": true,
          },
        },
      },
    },
    "attachTo": undefined,
    "hydrateIn": undefined,
  },
}
`;
