// Jest Snapshot v1, https://goo.gl/fbAQLP

exports[`<State /> Component should match snapshot 1`] = `
<path
  className="MI state"
  d="M644.5,211"
  data-name="MI"
  fill="#d3d3d3"
  onMouseOver={[Function]}
/>
`;
