// Jest Snapshot v1, https://goo.gl/fbAQLP

exports[`<App /> Component matches snapshot 1`] = `
<div
  className="App"
>
  <App />
</div>
`;
